[debug] [2025-08-04T04:20:58.323Z] ----------------------------------------------------------------------
[debug] [2025-08-04T04:20:58.326Z] Command:       C:\nvm4w\nodejs\node.exe C:\nvm4w\nodejs\node_modules\firebase-tools\lib\bin\firebase.js emulators:start
[debug] [2025-08-04T04:20:58.327Z] CLI Version:   14.1.0
[debug] [2025-08-04T04:20:58.327Z] Platform:      win32
[debug] [2025-08-04T04:20:58.327Z] Node Version:  v20.18.3
[debug] [2025-08-04T04:20:58.327Z] Time:          Mon Aug 04 2025 09:50:58 GMT+0530 (India Standard Time)
[debug] [2025-08-04T04:20:58.327Z] ----------------------------------------------------------------------
[debug] 
[debug] [2025-08-04T04:20:58.667Z] > command requires scopes: ["email","openid","https://www.googleapis.com/auth/cloudplatformprojects.readonly","https://www.googleapis.com/auth/firebase","https://www.googleapis.com/auth/cloud-platform"]
[debug] [2025-08-04T04:20:58.668Z] > authorizing via signed-in user (oceanacademypuducherry@gmail.com)
[info] i  emulators: Starting emulators: functions, extensions {"metadata":{"emulator":{"name":"hub"},"message":"Starting emulators: functions, extensions"}}
[debug] [2025-08-04T04:20:58.674Z] Checked if tokens are valid: true, expires at: 1754284635310
[debug] [2025-08-04T04:20:58.674Z] Checked if tokens are valid: true, expires at: 1754284635310
[debug] [2025-08-04T04:20:58.675Z] >>> [apiv2][query] GET https://cloudresourcemanager.googleapis.com/v1/projects/oceanlivereact [none]
[debug] [2025-08-04T04:20:59.999Z] <<< [apiv2][status] GET https://cloudresourcemanager.googleapis.com/v1/projects/oceanlivereact 200
[debug] [2025-08-04T04:21:00.001Z] <<< [apiv2][body] GET https://cloudresourcemanager.googleapis.com/v1/projects/oceanlivereact {"projectNumber":"795685034829","projectId":"oceanlivereact","lifecycleState":"ACTIVE","name":"oceanlivereact","labels":{"firebase":"enabled"},"createTime":"2022-03-14T15:20:51.745Z"}
[debug] [2025-08-04T04:21:00.027Z] [logging] Logging Emulator only supports listening on one address (127.0.0.1). Not listening on ::1
[debug] [2025-08-04T04:21:00.027Z] assigned listening specs for emulators {"user":{"hub":[{"address":"127.0.0.1","family":"IPv4","port":4400},{"address":"::1","family":"IPv6","port":4400}],"ui":[{"address":"127.0.0.1","family":"IPv4","port":4000},{"address":"::1","family":"IPv6","port":4000}],"logging":[{"address":"127.0.0.1","family":"IPv4","port":4500}]},"metadata":{"message":"assigned listening specs for emulators"}}
[debug] [2025-08-04T04:21:00.036Z] [hub] writing locator at C:\Users\ocean\AppData\Local\Temp\hub-oceanlivereact.json
[debug] [2025-08-04T04:21:00.046Z] [Extensions] Started Extensions emulator, this is a noop.
[debug] [2025-08-04T04:21:00.053Z] [functions] Functions Emulator only supports listening on one address (127.0.0.1). Not listening on ::1
[debug] [2025-08-04T04:21:00.053Z] [eventarc] Eventarc Emulator only supports listening on one address (127.0.0.1). Not listening on ::1
[debug] [2025-08-04T04:21:00.053Z] [tasks] Cloud Tasks Emulator only supports listening on one address (127.0.0.1). Not listening on ::1
[debug] [2025-08-04T04:21:00.053Z] late-assigned ports for functions and eventarc emulators {"user":{"hub":[{"address":"127.0.0.1","family":"IPv4","port":4400},{"address":"::1","family":"IPv6","port":4400}],"ui":[{"address":"127.0.0.1","family":"IPv4","port":4000},{"address":"::1","family":"IPv6","port":4000}],"logging":[{"address":"127.0.0.1","family":"IPv4","port":4500}],"functions":[{"address":"127.0.0.1","family":"IPv4","port":5001}],"eventarc":[{"address":"127.0.0.1","family":"IPv4","port":9299}],"tasks":[{"address":"127.0.0.1","family":"IPv4","port":9499}]},"metadata":{"message":"late-assigned ports for functions and eventarc emulators"}}
[warn] !  functions: The following emulators are not running, calls to these services from the Functions emulator will affect production: apphosting, auth, firestore, database, hosting, pubsub, storage, dataconnect {"metadata":{"emulator":{"name":"functions"},"message":"The following emulators are not running, calls to these services from the Functions emulator will affect production: \u001b[1mapphosting, auth, firestore, database, hosting, pubsub, storage, dataconnect\u001b[22m"}}
[debug] [2025-08-04T04:21:00.076Z] defaultcredentials: writing to file C:\Users\ocean\AppData\Roaming\firebase\oceanacademypuducherry_gmail_com_application_default_credentials.json
[debug] [2025-08-04T04:21:00.078Z] Setting GAC to C:\Users\ocean\AppData\Roaming\firebase\oceanacademypuducherry_gmail_com_application_default_credentials.json {"metadata":{"emulator":{"name":"functions"},"message":"Setting GAC to C:\\Users\\ocean\\AppData\\Roaming\\firebase\\oceanacademypuducherry_gmail_com_application_default_credentials.json"}}
[debug] [2025-08-04T04:21:00.078Z] Checked if tokens are valid: true, expires at: 1754284635310
[debug] [2025-08-04T04:21:00.078Z] Checked if tokens are valid: true, expires at: 1754284635310
[debug] [2025-08-04T04:21:00.079Z] >>> [apiv2][query] GET https://firebase.googleapis.com/v1beta1/projects/oceanlivereact/adminSdkConfig [none]
[debug] [2025-08-04T04:21:01.237Z] <<< [apiv2][status] GET https://firebase.googleapis.com/v1beta1/projects/oceanlivereact/adminSdkConfig 200
[debug] [2025-08-04T04:21:01.238Z] <<< [apiv2][body] GET https://firebase.googleapis.com/v1beta1/projects/oceanlivereact/adminSdkConfig {"projectId":"oceanlivereact","storageBucket":"oceanlivereact.appspot.com","locationId":"asia-northeast3"}
[debug] [2025-08-04T04:21:01.285Z] [Extensions] Connecting Extensions emulator, this is a noop.
[info] i  functions: Watching "F:\Mahesh_Project\PWA-APPS\whats-app-helper" for Cloud Functions... {"metadata":{"emulator":{"name":"functions"},"message":"Watching \"F:\\Mahesh_Project\\PWA-APPS\\whats-app-helper\" for Cloud Functions..."}}
[debug] [2025-08-04T04:21:01.295Z] Validating nodejs source
[debug] [2025-08-04T04:21:02.117Z] > [functions] package.json contents: {
  "name": "whats-app-helper",
  "version": "1.0.0",
  "main": "index.js",
  "scripts": {
    "start": "firebase emulators:start",
    "serve": "firebase emulators:start --only functions",
    "shell": "firebase functions:shell",
    "deploy": "firebase deploy --only functions",
    "test": "echo \"Error: no test specified\" && exit 1"
  },
  "keywords": [],
  "author": "",
  "license": "ISC",
  "description": "",
  "dependencies": {
    "axios": "^1.11.0",
    "cors": "^2.8.5",
    "dayjs": "^1.11.13",
    "dotenv": "^17.2.1",
    "express": "^5.1.0",
    "express-rate-limit": "^8.0.1",
    "express-validator": "^7.2.1",
    "firebase-functions": "^6.4.0",
    "install": "^0.13.0",
    "mongoose": "^8.17.0",
    "nodemon": "^3.1.10",
    "npm": "^11.5.2"
  },
  "engines": {
    "node": "20"
  }
}
[debug] [2025-08-04T04:21:02.117Z] Building nodejs source
[debug] [2025-08-04T04:21:02.117Z] Failed to find version of module node: reached end of search path F:\Mahesh_Project\PWA-APPS\whats-app-helper\node_modules
[info] +  functions: Using node@20 from host. 
[info] i  functions: Loaded environment variables from .env. 
[debug] [2025-08-04T04:21:02.121Z] Could not find functions.yaml. Must use http discovery
[debug] [2025-08-04T04:21:02.130Z] Found firebase-functions binary at 'F:\Mahesh_Project\PWA-APPS\whats-app-helper\node_modules\.bin\firebase-functions'
[info] Serving at port 8045

[info] [dotenv@17.2.1] injecting env (7) from .env -- tip: ⚙️  suppress all logs with { quiet: true }

[error] (node:4872) [MONGOOSE] Warning: Duplicate schema index on {"month":1} found. This is often due to declaring an index using both "index: true" and "schema.index()". Please remove the duplicate index definition.
(Use `node --trace-warnings ...` to show where the warning was created)

[debug] [2025-08-04T04:21:03.388Z] Got response from /__/functions.yaml {"endpoints":{"oa_whatsapp_helper":{"availableMemoryMb":null,"timeoutSeconds":null,"minInstances":null,"maxInstances":null,"ingressSettings":null,"concurrency":null,"serviceAccountEmail":null,"vpc":null,"platform":"gcfv2","region":["asia-south1"],"labels":{},"httpsTrigger":{},"entryPoint":"oa_whatsapp_helper"}},"specVersion":"v1alpha1","requiredAPIs":[],"extensions":{}}
[debug] [2025-08-04T04:21:07.442Z] defaultcredentials: writing to file C:\Users\ocean\AppData\Roaming\firebase\oceanacademypuducherry_gmail_com_application_default_credentials.json
[debug] [2025-08-04T04:21:07.443Z] Setting GAC to C:\Users\ocean\AppData\Roaming\firebase\oceanacademypuducherry_gmail_com_application_default_credentials.json {"metadata":{"emulator":{"name":"functions"},"message":"Setting GAC to C:\\Users\\ocean\\AppData\\Roaming\\firebase\\oceanacademypuducherry_gmail_com_application_default_credentials.json"}}
[info] +  functions: Loaded functions definitions from source: oa_whatsapp_helper. {"metadata":{"emulator":{"name":"functions"},"message":"Loaded functions definitions from source: oa_whatsapp_helper."}}
[info] +  functions[asia-south1-oa_whatsapp_helper]: http function initialized (http://127.0.0.1:5001/oceanlivereact/asia-south1/oa_whatsapp_helper). {"metadata":{"emulator":{"name":"functions"},"message":"\u001b[1mhttp\u001b[22m function initialized (http://127.0.0.1:5001/oceanlivereact/asia-south1/oa_whatsapp_helper)."}}
[info] 
┌─────────────────────────────────────────────────────────────┐
│ ✔  All emulators ready! It is now safe to connect your app. │
│ i  View Emulator UI at http://127.0.0.1:4000/               │
└─────────────────────────────────────────────────────────────┘

┌────────────┬────────────────┬──────────────────────────────────┐
│ Emulator   │ Host:Port      │ View in Emulator UI              │
├────────────┼────────────────┼──────────────────────────────────┤
│ Functions  │ 127.0.0.1:5001 │ http://127.0.0.1:4000/functions  │
├────────────┼────────────────┼──────────────────────────────────┤
│ Extensions │ 127.0.0.1:5001 │ http://127.0.0.1:4000/extensions │
└────────────┴────────────────┴──────────────────────────────────┘
  Emulator Hub host: 127.0.0.1 port: 4400
  Other reserved ports: 4500
┌─────────────────────────┬───────────────┬─────────────────────┐
│ Extension Instance Name │ Extension Ref │ View in Emulator UI │
└─────────────────────────┴───────────────┴─────────────────────┘
Issues? Report them at https://github.com/firebase/firebase-tools/issues and attach the *-debug.log files.
 
[debug] [2025-08-04T04:35:50.517Z] [work-queue] {"queuedWork":["/oceanlivereact/asia-south1/oa_whatsapp_helper/api/v1/send-syllabus-2025-08-04T04:35:50.516Z"],"queueLength":1,"runningWork":[],"workRunningCount":0}
[debug] [2025-08-04T04:35:50.518Z] [work-queue] {"queuedWork":[],"queueLength":0,"runningWork":["/oceanlivereact/asia-south1/oa_whatsapp_helper/api/v1/send-syllabus-2025-08-04T04:35:50.516Z"],"workRunningCount":1}
[debug] [2025-08-04T04:35:50.518Z] Accepted request OPTIONS /oceanlivereact/asia-south1/oa_whatsapp_helper/api/v1/send-syllabus --> asia-south1-oa_whatsapp_helper
[debug] [2025-08-04T04:35:50.527Z] [functions] Runtime ready! Sending request! {"metadata":{"emulator":{"name":"functions"},"message":"[functions] Runtime ready! Sending request!"}}
[debug] [2025-08-04T04:35:50.528Z] [functions] Got req.url=/oceanlivereact/asia-south1/oa_whatsapp_helper/api/v1/send-syllabus, mapping to path=/api/v1/send-syllabus {"metadata":{"emulator":{"name":"functions"},"message":"[functions] Got req.url=/oceanlivereact/asia-south1/oa_whatsapp_helper/api/v1/send-syllabus, mapping to path=/api/v1/send-syllabus"}}
[info] i  functions: Loaded environment variables from .env. 
[debug] [2025-08-04T04:35:50.571Z] [worker-pool] addWorker(asia-south1-oa_whatsapp_helper) {"metadata":{"emulator":{"name":"functions"},"message":"[worker-pool] addWorker(asia-south1-oa_whatsapp_helper)"}}
[debug] [2025-08-04T04:35:50.573Z] [worker-pool] Adding worker with key asia-south1-oa_whatsapp_helper, total=1 {"metadata":{"emulator":{"name":"functions"},"message":"[worker-pool] Adding worker with key asia-south1-oa_whatsapp_helper, total=1"}}
[warn] !  The Cloud Functions emulator requires the module "firebase-admin" to be installed as a dependency. To fix this, run "npm install --save firebase-admin" in your functions directory. {"metadata":{"emulator":{"name":"functions"},"function":{"name":"asia-south1-oa_whatsapp_helper"},"extension":{},"message":"The Cloud Functions emulator requires the module \"firebase-admin\" to be installed as a dependency. To fix this, run \"npm install --save firebase-admin\" in your functions directory."}}
[info] i  functions: Your functions could not be parsed due to an issue with your node_modules (see above) {"metadata":{"emulator":{"name":"functions"},"function":{"name":"asia-south1-oa_whatsapp_helper"},"extension":{},"message":"Your functions could not be parsed due to an issue with your node_modules (see above)"}}
[info] >  [dotenv@17.2.1] injecting env (0) from .env -- tip: ⚙️  write to custom object with { processEnv: myObject } {"user":"[dotenv@17.2.1] injecting env (0) from .env -- tip: ⚙️  write to custom object with { processEnv: myObject }","metadata":{"emulator":{"name":"functions"},"function":{"name":"asia-south1-oa_whatsapp_helper"},"extension":{},"message":"\u001b[90m> \u001b[39m [dotenv@17.2.1] injecting env (0) from .env -- tip: ⚙️  write to custom object with { processEnv: myObject }"}}
[debug] [2025-08-04T04:35:53.277Z] [runtime-status] [6020] Functions runtime initialized. {"cwd":"F:\\Mahesh_Project\\PWA-APPS\\whats-app-helper","node_version":"20.18.3"} {"metadata":{"emulator":{"name":"functions"},"function":{"name":"asia-south1-oa_whatsapp_helper"},"extension":{},"message":"[runtime-status] [6020] Functions runtime initialized. {\"cwd\":\"F:\\\\Mahesh_Project\\\\PWA-APPS\\\\whats-app-helper\",\"node_version\":\"20.18.3\"}"}}
[info] >  (node:6020) [MONGOOSE] Warning: Duplicate schema index on {"month":1} found. This is often due to declaring an index using both "index: true" and "schema.index()". Please remove the duplicate index definition. {"user":"(node:6020) [MONGOOSE] Warning: Duplicate schema index on {\"month\":1} found. This is often due to declaring an index using both \"index: true\" and \"schema.index()\". Please remove the duplicate index definition.","metadata":{"emulator":{"name":"functions"},"function":{"name":"asia-south1-oa_whatsapp_helper"},"extension":{},"message":"\u001b[90m> \u001b[39m (node:6020) [MONGOOSE] Warning: Duplicate schema index on {\"month\":1} found. This is often due to declaring an index using both \"index: true\" and \"schema.index()\". Please remove the duplicate index definition."}}
[info] >  (Use `node --trace-warnings ...` to show where the warning was created) {"user":"(Use `node --trace-warnings ...` to show where the warning was created)","metadata":{"emulator":{"name":"functions"},"function":{"name":"asia-south1-oa_whatsapp_helper"},"extension":{},"message":"\u001b[90m> \u001b[39m (Use `node --trace-warnings ...` to show where the warning was created)"}}
[debug] [2025-08-04T04:35:53.279Z] [runtime-status] [6020] Listening to port: \\?\pipe\fire_emu_12b15739dc81859a {"metadata":{"emulator":{"name":"functions"},"function":{"name":"asia-south1-oa_whatsapp_helper"},"extension":{},"message":"[runtime-status] [6020] Listening to port: \\\\?\\pipe\\fire_emu_12b15739dc81859a"}}
[debug] [2025-08-04T04:35:53.349Z] [worker-asia-south1-oa_whatsapp_helper-6d4dfe53-f61d-4433-9cbc-22280161ef52]: IDLE {"metadata":{"emulator":{"name":"functions"},"function":{"name":"asia-south1-oa_whatsapp_helper"},"extension":{},"message":"[worker-asia-south1-oa_whatsapp_helper-6d4dfe53-f61d-4433-9cbc-22280161ef52]: IDLE"}}
[debug] [2025-08-04T04:35:53.350Z] [worker-pool] submitRequest(triggerId=asia-south1-oa_whatsapp_helper) {"metadata":{"emulator":{"name":"functions"},"message":"[worker-pool] submitRequest(triggerId=asia-south1-oa_whatsapp_helper)"}}
[info] i  functions: Beginning execution of "asia-south1-oa_whatsapp_helper" {"metadata":{"emulator":{"name":"functions"},"function":{"name":"asia-south1-oa_whatsapp_helper"},"extension":{},"message":"Beginning execution of \"asia-south1-oa_whatsapp_helper\""}}
[debug] [2025-08-04T04:35:53.352Z] [worker-asia-south1-oa_whatsapp_helper-6d4dfe53-f61d-4433-9cbc-22280161ef52]: BUSY {"metadata":{"emulator":{"name":"functions"},"function":{"name":"asia-south1-oa_whatsapp_helper"},"extension":{},"message":"[worker-asia-south1-oa_whatsapp_helper-6d4dfe53-f61d-4433-9cbc-22280161ef52]: BUSY"}}
[debug] [2025-08-04T04:35:53.363Z] Finishing up request with event=pause {"metadata":{"emulator":{"name":"functions"},"function":{"name":"asia-south1-oa_whatsapp_helper"},"extension":{},"message":"Finishing up request with event=pause"}}
[info] i  functions: Finished "asia-south1-oa_whatsapp_helper" in 11.5115ms {"metadata":{"emulator":{"name":"functions"},"function":{"name":"asia-south1-oa_whatsapp_helper"},"extension":{},"message":"Finished \"asia-south1-oa_whatsapp_helper\" in 11.5115ms"}}
[debug] [2025-08-04T04:35:53.364Z] [worker-asia-south1-oa_whatsapp_helper-6d4dfe53-f61d-4433-9cbc-22280161ef52]: IDLE {"metadata":{"emulator":{"name":"functions"},"function":{"name":"asia-south1-oa_whatsapp_helper"},"extension":{},"message":"[worker-asia-south1-oa_whatsapp_helper-6d4dfe53-f61d-4433-9cbc-22280161ef52]: IDLE"}}
[debug] [2025-08-04T04:35:53.365Z] Finishing up request with event=finish {"metadata":{"emulator":{"name":"functions"},"function":{"name":"asia-south1-oa_whatsapp_helper"},"extension":{},"message":"Finishing up request with event=finish"}}
[debug] [2025-08-04T04:35:53.365Z] Finishing up request with event=close {"metadata":{"emulator":{"name":"functions"},"function":{"name":"asia-south1-oa_whatsapp_helper"},"extension":{},"message":"Finishing up request with event=close"}}
[debug] [2025-08-04T04:35:53.365Z] [work-queue] {"queuedWork":[],"queueLength":0,"runningWork":[],"workRunningCount":0}
[debug] [2025-08-04T04:35:53.367Z] [work-queue] {"queuedWork":["/oceanlivereact/asia-south1/oa_whatsapp_helper/api/v1/send-syllabus-2025-08-04T04:35:53.367Z"],"queueLength":1,"runningWork":[],"workRunningCount":0}
[debug] [2025-08-04T04:35:53.367Z] [work-queue] {"queuedWork":[],"queueLength":0,"runningWork":["/oceanlivereact/asia-south1/oa_whatsapp_helper/api/v1/send-syllabus-2025-08-04T04:35:53.367Z"],"workRunningCount":1}
[debug] [2025-08-04T04:35:53.367Z] Accepted request POST /oceanlivereact/asia-south1/oa_whatsapp_helper/api/v1/send-syllabus --> asia-south1-oa_whatsapp_helper
[debug] [2025-08-04T04:35:53.368Z] [functions] Runtime ready! Sending request! {"metadata":{"emulator":{"name":"functions"},"message":"[functions] Runtime ready! Sending request!"}}
[debug] [2025-08-04T04:35:53.368Z] [functions] Got req.url=/oceanlivereact/asia-south1/oa_whatsapp_helper/api/v1/send-syllabus, mapping to path=/api/v1/send-syllabus {"metadata":{"emulator":{"name":"functions"},"message":"[functions] Got req.url=/oceanlivereact/asia-south1/oa_whatsapp_helper/api/v1/send-syllabus, mapping to path=/api/v1/send-syllabus"}}
[debug] [2025-08-04T04:35:53.368Z] [worker-pool] submitRequest(triggerId=asia-south1-oa_whatsapp_helper) {"metadata":{"emulator":{"name":"functions"},"message":"[worker-pool] submitRequest(triggerId=asia-south1-oa_whatsapp_helper)"}}
[info] i  functions: Beginning execution of "asia-south1-oa_whatsapp_helper" {"metadata":{"emulator":{"name":"functions"},"function":{"name":"asia-south1-oa_whatsapp_helper"},"extension":{},"message":"Beginning execution of \"asia-south1-oa_whatsapp_helper\""}}
[debug] [2025-08-04T04:35:53.369Z] [worker-asia-south1-oa_whatsapp_helper-6d4dfe53-f61d-4433-9cbc-22280161ef52]: BUSY {"metadata":{"emulator":{"name":"functions"},"function":{"name":"asia-south1-oa_whatsapp_helper"},"extension":{},"message":"[worker-asia-south1-oa_whatsapp_helper-6d4dfe53-f61d-4433-9cbc-22280161ef52]: BUSY"}}
[info] >  Initializing Express server... {"user":"Initializing Express server...","metadata":{"emulator":{"name":"functions"},"function":{"name":"asia-south1-oa_whatsapp_helper"},"extension":{},"message":"\u001b[90m> \u001b[39m Initializing Express server..."}}
[info] >  Establishing MongoDB connection... {"user":"Establishing MongoDB connection...","metadata":{"emulator":{"name":"functions"},"function":{"name":"asia-south1-oa_whatsapp_helper"},"extension":{},"message":"\u001b[90m> \u001b[39m Establishing MongoDB connection..."}}
[info] >  Connecting to MongoDB... {"user":"Connecting to MongoDB...","metadata":{"emulator":{"name":"functions"},"function":{"name":"asia-south1-oa_whatsapp_helper"},"extension":{},"message":"\u001b[90m> \u001b[39m Connecting to MongoDB..."}}
[info] >  { maxPoolSize: 20 } mongodb+srv://OA:ocean000@cluster0.2idklaw.mongodb.net/ecommerce {"user":"{ maxPoolSize: 20 } mongodb+srv://OA:ocean000@cluster0.2idklaw.mongodb.net/ecommerce","metadata":{"emulator":{"name":"functions"},"function":{"name":"asia-south1-oa_whatsapp_helper"},"extension":{},"message":"\u001b[90m> \u001b[39m { maxPoolSize: 20 } mongodb+srv://OA:ocean000@cluster0.2idklaw.mongodb.net/ecommerce"}}
[info] >  Connected to MongoDB! {"user":"Connected to MongoDB!","metadata":{"emulator":{"name":"functions"},"function":{"name":"asia-south1-oa_whatsapp_helper"},"extension":{},"message":"\u001b[90m> \u001b[39m Connected to MongoDB!"}}
[info] >  false {"user":false,"metadata":{"emulator":{"name":"functions"},"function":{"name":"asia-south1-oa_whatsapp_helper"},"extension":{},"message":"\u001b[90m> \u001b[39m false"}}
[debug] [2025-08-04T04:35:57.040Z] Finishing up request with event=pause {"metadata":{"emulator":{"name":"functions"},"function":{"name":"asia-south1-oa_whatsapp_helper"},"extension":{},"message":"Finishing up request with event=pause"}}
[info] i  functions: Finished "asia-south1-oa_whatsapp_helper" in 3671.9405ms {"metadata":{"emulator":{"name":"functions"},"function":{"name":"asia-south1-oa_whatsapp_helper"},"extension":{},"message":"Finished \"asia-south1-oa_whatsapp_helper\" in 3671.9405ms"}}
[debug] [2025-08-04T04:35:57.041Z] [worker-asia-south1-oa_whatsapp_helper-6d4dfe53-f61d-4433-9cbc-22280161ef52]: IDLE {"metadata":{"emulator":{"name":"functions"},"function":{"name":"asia-south1-oa_whatsapp_helper"},"extension":{},"message":"[worker-asia-south1-oa_whatsapp_helper-6d4dfe53-f61d-4433-9cbc-22280161ef52]: IDLE"}}
[debug] [2025-08-04T04:35:57.042Z] Finishing up request with event=finish {"metadata":{"emulator":{"name":"functions"},"function":{"name":"asia-south1-oa_whatsapp_helper"},"extension":{},"message":"Finishing up request with event=finish"}}
[debug] [2025-08-04T04:35:57.042Z] Finishing up request with event=close {"metadata":{"emulator":{"name":"functions"},"function":{"name":"asia-south1-oa_whatsapp_helper"},"extension":{},"message":"Finishing up request with event=close"}}
[debug] [2025-08-04T04:35:57.042Z] [work-queue] {"queuedWork":[],"queueLength":0,"runningWork":[],"workRunningCount":0}
[debug] [2025-08-04T04:37:33.497Z] [work-queue] {"queuedWork":["/oceanlivereact/asia-south1/oa_whatsapp_helper/api/v1/send-syllabus-2025-08-04T04:37:33.497Z"],"queueLength":1,"runningWork":[],"workRunningCount":0}
[debug] [2025-08-04T04:37:33.498Z] [work-queue] {"queuedWork":[],"queueLength":0,"runningWork":["/oceanlivereact/asia-south1/oa_whatsapp_helper/api/v1/send-syllabus-2025-08-04T04:37:33.497Z"],"workRunningCount":1}
[debug] [2025-08-04T04:37:33.498Z] Accepted request OPTIONS /oceanlivereact/asia-south1/oa_whatsapp_helper/api/v1/send-syllabus --> asia-south1-oa_whatsapp_helper
[debug] [2025-08-04T04:37:33.505Z] [functions] Runtime ready! Sending request! {"metadata":{"emulator":{"name":"functions"},"message":"[functions] Runtime ready! Sending request!"}}
[debug] [2025-08-04T04:37:33.506Z] [functions] Got req.url=/oceanlivereact/asia-south1/oa_whatsapp_helper/api/v1/send-syllabus, mapping to path=/api/v1/send-syllabus {"metadata":{"emulator":{"name":"functions"},"message":"[functions] Got req.url=/oceanlivereact/asia-south1/oa_whatsapp_helper/api/v1/send-syllabus, mapping to path=/api/v1/send-syllabus"}}
[debug] [2025-08-04T04:37:33.506Z] [worker-pool] submitRequest(triggerId=asia-south1-oa_whatsapp_helper) {"metadata":{"emulator":{"name":"functions"},"message":"[worker-pool] submitRequest(triggerId=asia-south1-oa_whatsapp_helper)"}}
[info] i  functions: Beginning execution of "asia-south1-oa_whatsapp_helper" {"metadata":{"emulator":{"name":"functions"},"function":{"name":"asia-south1-oa_whatsapp_helper"},"extension":{},"message":"Beginning execution of \"asia-south1-oa_whatsapp_helper\""}}
[debug] [2025-08-04T04:37:33.510Z] [worker-asia-south1-oa_whatsapp_helper-6d4dfe53-f61d-4433-9cbc-22280161ef52]: BUSY {"metadata":{"emulator":{"name":"functions"},"function":{"name":"asia-south1-oa_whatsapp_helper"},"extension":{},"message":"[worker-asia-south1-oa_whatsapp_helper-6d4dfe53-f61d-4433-9cbc-22280161ef52]: BUSY"}}
[debug] [2025-08-04T04:37:33.519Z] Finishing up request with event=pause {"metadata":{"emulator":{"name":"functions"},"function":{"name":"asia-south1-oa_whatsapp_helper"},"extension":{},"message":"Finishing up request with event=pause"}}
[info] i  functions: Finished "asia-south1-oa_whatsapp_helper" in 10.145ms {"metadata":{"emulator":{"name":"functions"},"function":{"name":"asia-south1-oa_whatsapp_helper"},"extension":{},"message":"Finished \"asia-south1-oa_whatsapp_helper\" in 10.145ms"}}
[debug] [2025-08-04T04:37:33.529Z] [worker-asia-south1-oa_whatsapp_helper-6d4dfe53-f61d-4433-9cbc-22280161ef52]: IDLE {"metadata":{"emulator":{"name":"functions"},"function":{"name":"asia-south1-oa_whatsapp_helper"},"extension":{},"message":"[worker-asia-south1-oa_whatsapp_helper-6d4dfe53-f61d-4433-9cbc-22280161ef52]: IDLE"}}
[debug] [2025-08-04T04:37:33.529Z] Finishing up request with event=finish {"metadata":{"emulator":{"name":"functions"},"function":{"name":"asia-south1-oa_whatsapp_helper"},"extension":{},"message":"Finishing up request with event=finish"}}
[debug] [2025-08-04T04:37:33.529Z] Finishing up request with event=close {"metadata":{"emulator":{"name":"functions"},"function":{"name":"asia-south1-oa_whatsapp_helper"},"extension":{},"message":"Finishing up request with event=close"}}
[debug] [2025-08-04T04:37:33.529Z] [work-queue] {"queuedWork":[],"queueLength":0,"runningWork":[],"workRunningCount":0}
[debug] [2025-08-04T04:37:33.531Z] [work-queue] {"queuedWork":["/oceanlivereact/asia-south1/oa_whatsapp_helper/api/v1/send-syllabus-2025-08-04T04:37:33.531Z"],"queueLength":1,"runningWork":[],"workRunningCount":0}
[debug] [2025-08-04T04:37:33.532Z] [work-queue] {"queuedWork":[],"queueLength":0,"runningWork":["/oceanlivereact/asia-south1/oa_whatsapp_helper/api/v1/send-syllabus-2025-08-04T04:37:33.531Z"],"workRunningCount":1}
[debug] [2025-08-04T04:37:33.532Z] Accepted request POST /oceanlivereact/asia-south1/oa_whatsapp_helper/api/v1/send-syllabus --> asia-south1-oa_whatsapp_helper
[debug] [2025-08-04T04:37:33.536Z] [functions] Runtime ready! Sending request! {"metadata":{"emulator":{"name":"functions"},"message":"[functions] Runtime ready! Sending request!"}}
[debug] [2025-08-04T04:37:33.537Z] [functions] Got req.url=/oceanlivereact/asia-south1/oa_whatsapp_helper/api/v1/send-syllabus, mapping to path=/api/v1/send-syllabus {"metadata":{"emulator":{"name":"functions"},"message":"[functions] Got req.url=/oceanlivereact/asia-south1/oa_whatsapp_helper/api/v1/send-syllabus, mapping to path=/api/v1/send-syllabus"}}
[debug] [2025-08-04T04:37:33.537Z] [worker-pool] submitRequest(triggerId=asia-south1-oa_whatsapp_helper) {"metadata":{"emulator":{"name":"functions"},"message":"[worker-pool] submitRequest(triggerId=asia-south1-oa_whatsapp_helper)"}}
[info] i  functions: Beginning execution of "asia-south1-oa_whatsapp_helper" {"metadata":{"emulator":{"name":"functions"},"function":{"name":"asia-south1-oa_whatsapp_helper"},"extension":{},"message":"Beginning execution of \"asia-south1-oa_whatsapp_helper\""}}
[debug] [2025-08-04T04:37:33.538Z] [worker-asia-south1-oa_whatsapp_helper-6d4dfe53-f61d-4433-9cbc-22280161ef52]: BUSY {"metadata":{"emulator":{"name":"functions"},"function":{"name":"asia-south1-oa_whatsapp_helper"},"extension":{},"message":"[worker-asia-south1-oa_whatsapp_helper-6d4dfe53-f61d-4433-9cbc-22280161ef52]: BUSY"}}
[info] >  Initializing Express server... {"user":"Initializing Express server...","metadata":{"emulator":{"name":"functions"},"function":{"name":"asia-south1-oa_whatsapp_helper"},"extension":{},"message":"\u001b[90m> \u001b[39m Initializing Express server..."}}
[info] >  false {"user":false,"metadata":{"emulator":{"name":"functions"},"function":{"name":"asia-south1-oa_whatsapp_helper"},"extension":{},"message":"\u001b[90m> \u001b[39m false"}}
[debug] [2025-08-04T04:37:33.598Z] Finishing up request with event=pause {"metadata":{"emulator":{"name":"functions"},"function":{"name":"asia-south1-oa_whatsapp_helper"},"extension":{},"message":"Finishing up request with event=pause"}}
[info] i  functions: Finished "asia-south1-oa_whatsapp_helper" in 60.7139ms {"metadata":{"emulator":{"name":"functions"},"function":{"name":"asia-south1-oa_whatsapp_helper"},"extension":{},"message":"Finished \"asia-south1-oa_whatsapp_helper\" in 60.7139ms"}}
[debug] [2025-08-04T04:37:33.599Z] [worker-asia-south1-oa_whatsapp_helper-6d4dfe53-f61d-4433-9cbc-22280161ef52]: IDLE {"metadata":{"emulator":{"name":"functions"},"function":{"name":"asia-south1-oa_whatsapp_helper"},"extension":{},"message":"[worker-asia-south1-oa_whatsapp_helper-6d4dfe53-f61d-4433-9cbc-22280161ef52]: IDLE"}}
[debug] [2025-08-04T04:37:33.599Z] Finishing up request with event=finish {"metadata":{"emulator":{"name":"functions"},"function":{"name":"asia-south1-oa_whatsapp_helper"},"extension":{},"message":"Finishing up request with event=finish"}}
[debug] [2025-08-04T04:37:33.600Z] Finishing up request with event=close {"metadata":{"emulator":{"name":"functions"},"function":{"name":"asia-south1-oa_whatsapp_helper"},"extension":{},"message":"Finishing up request with event=close"}}
[debug] [2025-08-04T04:37:33.600Z] [work-queue] {"queuedWork":[],"queueLength":0,"runningWork":[],"workRunningCount":0}
[debug] [2025-08-04T04:38:49.213Z] [work-queue] {"queuedWork":["/oceanlivereact/asia-south1/oa_whatsapp_helper/api/v1/send-syllabus-2025-08-04T04:38:49.213Z"],"queueLength":1,"runningWork":[],"workRunningCount":0}
[debug] [2025-08-04T04:38:49.214Z] [work-queue] {"queuedWork":[],"queueLength":0,"runningWork":["/oceanlivereact/asia-south1/oa_whatsapp_helper/api/v1/send-syllabus-2025-08-04T04:38:49.213Z"],"workRunningCount":1}
[debug] [2025-08-04T04:38:49.214Z] Accepted request OPTIONS /oceanlivereact/asia-south1/oa_whatsapp_helper/api/v1/send-syllabus --> asia-south1-oa_whatsapp_helper
[debug] [2025-08-04T04:38:49.222Z] [functions] Runtime ready! Sending request! {"metadata":{"emulator":{"name":"functions"},"message":"[functions] Runtime ready! Sending request!"}}
[debug] [2025-08-04T04:38:49.223Z] [functions] Got req.url=/oceanlivereact/asia-south1/oa_whatsapp_helper/api/v1/send-syllabus, mapping to path=/api/v1/send-syllabus {"metadata":{"emulator":{"name":"functions"},"message":"[functions] Got req.url=/oceanlivereact/asia-south1/oa_whatsapp_helper/api/v1/send-syllabus, mapping to path=/api/v1/send-syllabus"}}
[debug] [2025-08-04T04:38:49.223Z] [worker-pool] submitRequest(triggerId=asia-south1-oa_whatsapp_helper) {"metadata":{"emulator":{"name":"functions"},"message":"[worker-pool] submitRequest(triggerId=asia-south1-oa_whatsapp_helper)"}}
[info] i  functions: Beginning execution of "asia-south1-oa_whatsapp_helper" {"metadata":{"emulator":{"name":"functions"},"function":{"name":"asia-south1-oa_whatsapp_helper"},"extension":{},"message":"Beginning execution of \"asia-south1-oa_whatsapp_helper\""}}
[debug] [2025-08-04T04:38:49.225Z] [worker-asia-south1-oa_whatsapp_helper-6d4dfe53-f61d-4433-9cbc-22280161ef52]: BUSY {"metadata":{"emulator":{"name":"functions"},"function":{"name":"asia-south1-oa_whatsapp_helper"},"extension":{},"message":"[worker-asia-south1-oa_whatsapp_helper-6d4dfe53-f61d-4433-9cbc-22280161ef52]: BUSY"}}
[debug] [2025-08-04T04:38:49.236Z] Finishing up request with event=pause {"metadata":{"emulator":{"name":"functions"},"function":{"name":"asia-south1-oa_whatsapp_helper"},"extension":{},"message":"Finishing up request with event=pause"}}
[info] i  functions: Finished "asia-south1-oa_whatsapp_helper" in 11.6971ms {"metadata":{"emulator":{"name":"functions"},"function":{"name":"asia-south1-oa_whatsapp_helper"},"extension":{},"message":"Finished \"asia-south1-oa_whatsapp_helper\" in 11.6971ms"}}
[debug] [2025-08-04T04:38:49.241Z] [worker-asia-south1-oa_whatsapp_helper-6d4dfe53-f61d-4433-9cbc-22280161ef52]: IDLE {"metadata":{"emulator":{"name":"functions"},"function":{"name":"asia-south1-oa_whatsapp_helper"},"extension":{},"message":"[worker-asia-south1-oa_whatsapp_helper-6d4dfe53-f61d-4433-9cbc-22280161ef52]: IDLE"}}
[debug] [2025-08-04T04:38:49.242Z] Finishing up request with event=finish {"metadata":{"emulator":{"name":"functions"},"function":{"name":"asia-south1-oa_whatsapp_helper"},"extension":{},"message":"Finishing up request with event=finish"}}
[debug] [2025-08-04T04:38:49.242Z] Finishing up request with event=close {"metadata":{"emulator":{"name":"functions"},"function":{"name":"asia-south1-oa_whatsapp_helper"},"extension":{},"message":"Finishing up request with event=close"}}
[debug] [2025-08-04T04:38:49.242Z] [work-queue] {"queuedWork":[],"queueLength":0,"runningWork":[],"workRunningCount":0}
[debug] [2025-08-04T04:38:49.244Z] [work-queue] {"queuedWork":["/oceanlivereact/asia-south1/oa_whatsapp_helper/api/v1/send-syllabus-2025-08-04T04:38:49.244Z"],"queueLength":1,"runningWork":[],"workRunningCount":0}
[debug] [2025-08-04T04:38:49.245Z] [work-queue] {"queuedWork":[],"queueLength":0,"runningWork":["/oceanlivereact/asia-south1/oa_whatsapp_helper/api/v1/send-syllabus-2025-08-04T04:38:49.244Z"],"workRunningCount":1}
[debug] [2025-08-04T04:38:49.245Z] Accepted request POST /oceanlivereact/asia-south1/oa_whatsapp_helper/api/v1/send-syllabus --> asia-south1-oa_whatsapp_helper
[debug] [2025-08-04T04:38:49.250Z] [functions] Runtime ready! Sending request! {"metadata":{"emulator":{"name":"functions"},"message":"[functions] Runtime ready! Sending request!"}}
[debug] [2025-08-04T04:38:49.250Z] [functions] Got req.url=/oceanlivereact/asia-south1/oa_whatsapp_helper/api/v1/send-syllabus, mapping to path=/api/v1/send-syllabus {"metadata":{"emulator":{"name":"functions"},"message":"[functions] Got req.url=/oceanlivereact/asia-south1/oa_whatsapp_helper/api/v1/send-syllabus, mapping to path=/api/v1/send-syllabus"}}
[debug] [2025-08-04T04:38:49.250Z] [worker-pool] submitRequest(triggerId=asia-south1-oa_whatsapp_helper) {"metadata":{"emulator":{"name":"functions"},"message":"[worker-pool] submitRequest(triggerId=asia-south1-oa_whatsapp_helper)"}}
[info] i  functions: Beginning execution of "asia-south1-oa_whatsapp_helper" {"metadata":{"emulator":{"name":"functions"},"function":{"name":"asia-south1-oa_whatsapp_helper"},"extension":{},"message":"Beginning execution of \"asia-south1-oa_whatsapp_helper\""}}
[debug] [2025-08-04T04:38:49.254Z] [worker-asia-south1-oa_whatsapp_helper-6d4dfe53-f61d-4433-9cbc-22280161ef52]: BUSY {"metadata":{"emulator":{"name":"functions"},"function":{"name":"asia-south1-oa_whatsapp_helper"},"extension":{},"message":"[worker-asia-south1-oa_whatsapp_helper-6d4dfe53-f61d-4433-9cbc-22280161ef52]: BUSY"}}
[info] >  Initializing Express server... {"user":"Initializing Express server...","metadata":{"emulator":{"name":"functions"},"function":{"name":"asia-south1-oa_whatsapp_helper"},"extension":{},"message":"\u001b[90m> \u001b[39m Initializing Express server..."}}
[info] >  false {"user":false,"metadata":{"emulator":{"name":"functions"},"function":{"name":"asia-south1-oa_whatsapp_helper"},"extension":{},"message":"\u001b[90m> \u001b[39m false"}}
[debug] [2025-08-04T04:38:49.308Z] Finishing up request with event=pause {"metadata":{"emulator":{"name":"functions"},"function":{"name":"asia-south1-oa_whatsapp_helper"},"extension":{},"message":"Finishing up request with event=pause"}}
[info] i  functions: Finished "asia-south1-oa_whatsapp_helper" in 53.7078ms {"metadata":{"emulator":{"name":"functions"},"function":{"name":"asia-south1-oa_whatsapp_helper"},"extension":{},"message":"Finished \"asia-south1-oa_whatsapp_helper\" in 53.7078ms"}}
[debug] [2025-08-04T04:38:49.312Z] [worker-asia-south1-oa_whatsapp_helper-6d4dfe53-f61d-4433-9cbc-22280161ef52]: IDLE {"metadata":{"emulator":{"name":"functions"},"function":{"name":"asia-south1-oa_whatsapp_helper"},"extension":{},"message":"[worker-asia-south1-oa_whatsapp_helper-6d4dfe53-f61d-4433-9cbc-22280161ef52]: IDLE"}}
[debug] [2025-08-04T04:38:49.312Z] Finishing up request with event=finish {"metadata":{"emulator":{"name":"functions"},"function":{"name":"asia-south1-oa_whatsapp_helper"},"extension":{},"message":"Finishing up request with event=finish"}}
[debug] [2025-08-04T04:38:49.312Z] Finishing up request with event=close {"metadata":{"emulator":{"name":"functions"},"function":{"name":"asia-south1-oa_whatsapp_helper"},"extension":{},"message":"Finishing up request with event=close"}}
[debug] [2025-08-04T04:38:49.312Z] [work-queue] {"queuedWork":[],"queueLength":0,"runningWork":[],"workRunningCount":0}
[debug] [2025-08-04T04:39:19.838Z] [work-queue] {"queuedWork":["/oceanlivereact/asia-south1/oa_whatsapp_helper/api/v1/send-syllabus-2025-08-04T04:39:19.838Z"],"queueLength":1,"runningWork":[],"workRunningCount":0}
[debug] [2025-08-04T04:39:19.838Z] [work-queue] {"queuedWork":[],"queueLength":0,"runningWork":["/oceanlivereact/asia-south1/oa_whatsapp_helper/api/v1/send-syllabus-2025-08-04T04:39:19.838Z"],"workRunningCount":1}
[debug] [2025-08-04T04:39:19.838Z] Accepted request OPTIONS /oceanlivereact/asia-south1/oa_whatsapp_helper/api/v1/send-syllabus --> asia-south1-oa_whatsapp_helper
[debug] [2025-08-04T04:39:19.841Z] [functions] Runtime ready! Sending request! {"metadata":{"emulator":{"name":"functions"},"message":"[functions] Runtime ready! Sending request!"}}
[debug] [2025-08-04T04:39:19.841Z] [functions] Got req.url=/oceanlivereact/asia-south1/oa_whatsapp_helper/api/v1/send-syllabus, mapping to path=/api/v1/send-syllabus {"metadata":{"emulator":{"name":"functions"},"message":"[functions] Got req.url=/oceanlivereact/asia-south1/oa_whatsapp_helper/api/v1/send-syllabus, mapping to path=/api/v1/send-syllabus"}}
[debug] [2025-08-04T04:39:19.841Z] [worker-pool] submitRequest(triggerId=asia-south1-oa_whatsapp_helper) {"metadata":{"emulator":{"name":"functions"},"message":"[worker-pool] submitRequest(triggerId=asia-south1-oa_whatsapp_helper)"}}
[info] i  functions: Beginning execution of "asia-south1-oa_whatsapp_helper" {"metadata":{"emulator":{"name":"functions"},"function":{"name":"asia-south1-oa_whatsapp_helper"},"extension":{},"message":"Beginning execution of \"asia-south1-oa_whatsapp_helper\""}}
[debug] [2025-08-04T04:39:19.842Z] [worker-asia-south1-oa_whatsapp_helper-6d4dfe53-f61d-4433-9cbc-22280161ef52]: BUSY {"metadata":{"emulator":{"name":"functions"},"function":{"name":"asia-south1-oa_whatsapp_helper"},"extension":{},"message":"[worker-asia-south1-oa_whatsapp_helper-6d4dfe53-f61d-4433-9cbc-22280161ef52]: BUSY"}}
[debug] [2025-08-04T04:39:19.845Z] Finishing up request with event=pause {"metadata":{"emulator":{"name":"functions"},"function":{"name":"asia-south1-oa_whatsapp_helper"},"extension":{},"message":"Finishing up request with event=pause"}}
[info] i  functions: Finished "asia-south1-oa_whatsapp_helper" in 3.5655ms {"metadata":{"emulator":{"name":"functions"},"function":{"name":"asia-south1-oa_whatsapp_helper"},"extension":{},"message":"Finished \"asia-south1-oa_whatsapp_helper\" in 3.5655ms"}}
[debug] [2025-08-04T04:39:19.847Z] [worker-asia-south1-oa_whatsapp_helper-6d4dfe53-f61d-4433-9cbc-22280161ef52]: IDLE {"metadata":{"emulator":{"name":"functions"},"function":{"name":"asia-south1-oa_whatsapp_helper"},"extension":{},"message":"[worker-asia-south1-oa_whatsapp_helper-6d4dfe53-f61d-4433-9cbc-22280161ef52]: IDLE"}}
[debug] [2025-08-04T04:39:19.847Z] Finishing up request with event=finish {"metadata":{"emulator":{"name":"functions"},"function":{"name":"asia-south1-oa_whatsapp_helper"},"extension":{},"message":"Finishing up request with event=finish"}}
[debug] [2025-08-04T04:39:19.847Z] Finishing up request with event=close {"metadata":{"emulator":{"name":"functions"},"function":{"name":"asia-south1-oa_whatsapp_helper"},"extension":{},"message":"Finishing up request with event=close"}}
[debug] [2025-08-04T04:39:19.847Z] [work-queue] {"queuedWork":[],"queueLength":0,"runningWork":[],"workRunningCount":0}
[debug] [2025-08-04T04:39:19.849Z] [work-queue] {"queuedWork":["/oceanlivereact/asia-south1/oa_whatsapp_helper/api/v1/send-syllabus-2025-08-04T04:39:19.849Z"],"queueLength":1,"runningWork":[],"workRunningCount":0}
[debug] [2025-08-04T04:39:19.849Z] [work-queue] {"queuedWork":[],"queueLength":0,"runningWork":["/oceanlivereact/asia-south1/oa_whatsapp_helper/api/v1/send-syllabus-2025-08-04T04:39:19.849Z"],"workRunningCount":1}
[debug] [2025-08-04T04:39:19.849Z] Accepted request POST /oceanlivereact/asia-south1/oa_whatsapp_helper/api/v1/send-syllabus --> asia-south1-oa_whatsapp_helper
[debug] [2025-08-04T04:39:19.851Z] [functions] Runtime ready! Sending request! {"metadata":{"emulator":{"name":"functions"},"message":"[functions] Runtime ready! Sending request!"}}
[debug] [2025-08-04T04:39:19.852Z] [functions] Got req.url=/oceanlivereact/asia-south1/oa_whatsapp_helper/api/v1/send-syllabus, mapping to path=/api/v1/send-syllabus {"metadata":{"emulator":{"name":"functions"},"message":"[functions] Got req.url=/oceanlivereact/asia-south1/oa_whatsapp_helper/api/v1/send-syllabus, mapping to path=/api/v1/send-syllabus"}}
[debug] [2025-08-04T04:39:19.852Z] [worker-pool] submitRequest(triggerId=asia-south1-oa_whatsapp_helper) {"metadata":{"emulator":{"name":"functions"},"message":"[worker-pool] submitRequest(triggerId=asia-south1-oa_whatsapp_helper)"}}
[info] i  functions: Beginning execution of "asia-south1-oa_whatsapp_helper" {"metadata":{"emulator":{"name":"functions"},"function":{"name":"asia-south1-oa_whatsapp_helper"},"extension":{},"message":"Beginning execution of \"asia-south1-oa_whatsapp_helper\""}}
[debug] [2025-08-04T04:39:19.853Z] [worker-asia-south1-oa_whatsapp_helper-6d4dfe53-f61d-4433-9cbc-22280161ef52]: BUSY {"metadata":{"emulator":{"name":"functions"},"function":{"name":"asia-south1-oa_whatsapp_helper"},"extension":{},"message":"[worker-asia-south1-oa_whatsapp_helper-6d4dfe53-f61d-4433-9cbc-22280161ef52]: BUSY"}}
[info] >  Initializing Express server... {"user":"Initializing Express server...","metadata":{"emulator":{"name":"functions"},"function":{"name":"asia-south1-oa_whatsapp_helper"},"extension":{},"message":"\u001b[90m> \u001b[39m Initializing Express server..."}}
[info] >  false {"user":false,"metadata":{"emulator":{"name":"functions"},"function":{"name":"asia-south1-oa_whatsapp_helper"},"extension":{},"message":"\u001b[90m> \u001b[39m false"}}
[debug] [2025-08-04T04:39:19.903Z] Finishing up request with event=pause {"metadata":{"emulator":{"name":"functions"},"function":{"name":"asia-south1-oa_whatsapp_helper"},"extension":{},"message":"Finishing up request with event=pause"}}
[info] i  functions: Finished "asia-south1-oa_whatsapp_helper" in 51.1367ms {"metadata":{"emulator":{"name":"functions"},"function":{"name":"asia-south1-oa_whatsapp_helper"},"extension":{},"message":"Finished \"asia-south1-oa_whatsapp_helper\" in 51.1367ms"}}
[debug] [2025-08-04T04:39:19.904Z] [worker-asia-south1-oa_whatsapp_helper-6d4dfe53-f61d-4433-9cbc-22280161ef52]: IDLE {"metadata":{"emulator":{"name":"functions"},"function":{"name":"asia-south1-oa_whatsapp_helper"},"extension":{},"message":"[worker-asia-south1-oa_whatsapp_helper-6d4dfe53-f61d-4433-9cbc-22280161ef52]: IDLE"}}
[debug] [2025-08-04T04:39:19.904Z] Finishing up request with event=finish {"metadata":{"emulator":{"name":"functions"},"function":{"name":"asia-south1-oa_whatsapp_helper"},"extension":{},"message":"Finishing up request with event=finish"}}
[debug] [2025-08-04T04:39:19.905Z] Finishing up request with event=close {"metadata":{"emulator":{"name":"functions"},"function":{"name":"asia-south1-oa_whatsapp_helper"},"extension":{},"message":"Finishing up request with event=close"}}
[debug] [2025-08-04T04:39:19.905Z] [work-queue] {"queuedWork":[],"queueLength":0,"runningWork":[],"workRunningCount":0}
[debug] [2025-08-04T04:40:02.785Z] [work-queue] {"queuedWork":["/oceanlivereact/asia-south1/oa_whatsapp_helper/api/v1/send-syllabus-2025-08-04T04:40:02.785Z"],"queueLength":1,"runningWork":[],"workRunningCount":0}
[debug] [2025-08-04T04:40:02.785Z] [work-queue] {"queuedWork":[],"queueLength":0,"runningWork":["/oceanlivereact/asia-south1/oa_whatsapp_helper/api/v1/send-syllabus-2025-08-04T04:40:02.785Z"],"workRunningCount":1}
[debug] [2025-08-04T04:40:02.786Z] Accepted request OPTIONS /oceanlivereact/asia-south1/oa_whatsapp_helper/api/v1/send-syllabus --> asia-south1-oa_whatsapp_helper
[debug] [2025-08-04T04:40:02.794Z] [functions] Runtime ready! Sending request! {"metadata":{"emulator":{"name":"functions"},"message":"[functions] Runtime ready! Sending request!"}}
[debug] [2025-08-04T04:40:02.796Z] [functions] Got req.url=/oceanlivereact/asia-south1/oa_whatsapp_helper/api/v1/send-syllabus, mapping to path=/api/v1/send-syllabus {"metadata":{"emulator":{"name":"functions"},"message":"[functions] Got req.url=/oceanlivereact/asia-south1/oa_whatsapp_helper/api/v1/send-syllabus, mapping to path=/api/v1/send-syllabus"}}
[debug] [2025-08-04T04:40:02.796Z] [worker-pool] submitRequest(triggerId=asia-south1-oa_whatsapp_helper) {"metadata":{"emulator":{"name":"functions"},"message":"[worker-pool] submitRequest(triggerId=asia-south1-oa_whatsapp_helper)"}}
[info] i  functions: Beginning execution of "asia-south1-oa_whatsapp_helper" {"metadata":{"emulator":{"name":"functions"},"function":{"name":"asia-south1-oa_whatsapp_helper"},"extension":{},"message":"Beginning execution of \"asia-south1-oa_whatsapp_helper\""}}
[debug] [2025-08-04T04:40:02.800Z] [worker-asia-south1-oa_whatsapp_helper-6d4dfe53-f61d-4433-9cbc-22280161ef52]: BUSY {"metadata":{"emulator":{"name":"functions"},"function":{"name":"asia-south1-oa_whatsapp_helper"},"extension":{},"message":"[worker-asia-south1-oa_whatsapp_helper-6d4dfe53-f61d-4433-9cbc-22280161ef52]: BUSY"}}
[debug] [2025-08-04T04:40:02.804Z] Finishing up request with event=pause {"metadata":{"emulator":{"name":"functions"},"function":{"name":"asia-south1-oa_whatsapp_helper"},"extension":{},"message":"Finishing up request with event=pause"}}
[info] i  functions: Finished "asia-south1-oa_whatsapp_helper" in 4.4319ms {"metadata":{"emulator":{"name":"functions"},"function":{"name":"asia-south1-oa_whatsapp_helper"},"extension":{},"message":"Finished \"asia-south1-oa_whatsapp_helper\" in 4.4319ms"}}
[debug] [2025-08-04T04:40:02.806Z] [worker-asia-south1-oa_whatsapp_helper-6d4dfe53-f61d-4433-9cbc-22280161ef52]: IDLE {"metadata":{"emulator":{"name":"functions"},"function":{"name":"asia-south1-oa_whatsapp_helper"},"extension":{},"message":"[worker-asia-south1-oa_whatsapp_helper-6d4dfe53-f61d-4433-9cbc-22280161ef52]: IDLE"}}
[debug] [2025-08-04T04:40:02.807Z] Finishing up request with event=finish {"metadata":{"emulator":{"name":"functions"},"function":{"name":"asia-south1-oa_whatsapp_helper"},"extension":{},"message":"Finishing up request with event=finish"}}
[debug] [2025-08-04T04:40:02.807Z] Finishing up request with event=close {"metadata":{"emulator":{"name":"functions"},"function":{"name":"asia-south1-oa_whatsapp_helper"},"extension":{},"message":"Finishing up request with event=close"}}
[debug] [2025-08-04T04:40:02.807Z] [work-queue] {"queuedWork":[],"queueLength":0,"runningWork":[],"workRunningCount":0}
[debug] [2025-08-04T04:40:02.809Z] [work-queue] {"queuedWork":["/oceanlivereact/asia-south1/oa_whatsapp_helper/api/v1/send-syllabus-2025-08-04T04:40:02.808Z"],"queueLength":1,"runningWork":[],"workRunningCount":0}
[debug] [2025-08-04T04:40:02.809Z] [work-queue] {"queuedWork":[],"queueLength":0,"runningWork":["/oceanlivereact/asia-south1/oa_whatsapp_helper/api/v1/send-syllabus-2025-08-04T04:40:02.808Z"],"workRunningCount":1}
[debug] [2025-08-04T04:40:02.809Z] Accepted request POST /oceanlivereact/asia-south1/oa_whatsapp_helper/api/v1/send-syllabus --> asia-south1-oa_whatsapp_helper
[debug] [2025-08-04T04:40:02.813Z] [functions] Runtime ready! Sending request! {"metadata":{"emulator":{"name":"functions"},"message":"[functions] Runtime ready! Sending request!"}}
[debug] [2025-08-04T04:40:02.813Z] [functions] Got req.url=/oceanlivereact/asia-south1/oa_whatsapp_helper/api/v1/send-syllabus, mapping to path=/api/v1/send-syllabus {"metadata":{"emulator":{"name":"functions"},"message":"[functions] Got req.url=/oceanlivereact/asia-south1/oa_whatsapp_helper/api/v1/send-syllabus, mapping to path=/api/v1/send-syllabus"}}
[debug] [2025-08-04T04:40:02.813Z] [worker-pool] submitRequest(triggerId=asia-south1-oa_whatsapp_helper) {"metadata":{"emulator":{"name":"functions"},"message":"[worker-pool] submitRequest(triggerId=asia-south1-oa_whatsapp_helper)"}}
[info] i  functions: Beginning execution of "asia-south1-oa_whatsapp_helper" {"metadata":{"emulator":{"name":"functions"},"function":{"name":"asia-south1-oa_whatsapp_helper"},"extension":{},"message":"Beginning execution of \"asia-south1-oa_whatsapp_helper\""}}
[debug] [2025-08-04T04:40:02.814Z] [worker-asia-south1-oa_whatsapp_helper-6d4dfe53-f61d-4433-9cbc-22280161ef52]: BUSY {"metadata":{"emulator":{"name":"functions"},"function":{"name":"asia-south1-oa_whatsapp_helper"},"extension":{},"message":"[worker-asia-south1-oa_whatsapp_helper-6d4dfe53-f61d-4433-9cbc-22280161ef52]: BUSY"}}
[info] >  Initializing Express server... {"user":"Initializing Express server...","metadata":{"emulator":{"name":"functions"},"function":{"name":"asia-south1-oa_whatsapp_helper"},"extension":{},"message":"\u001b[90m> \u001b[39m Initializing Express server..."}}
[info] >  false {"user":false,"metadata":{"emulator":{"name":"functions"},"function":{"name":"asia-south1-oa_whatsapp_helper"},"extension":{},"message":"\u001b[90m> \u001b[39m false"}}
[debug] [2025-08-04T04:40:02.866Z] Finishing up request with event=pause {"metadata":{"emulator":{"name":"functions"},"function":{"name":"asia-south1-oa_whatsapp_helper"},"extension":{},"message":"Finishing up request with event=pause"}}
[info] i  functions: Finished "asia-south1-oa_whatsapp_helper" in 52.3715ms {"metadata":{"emulator":{"name":"functions"},"function":{"name":"asia-south1-oa_whatsapp_helper"},"extension":{},"message":"Finished \"asia-south1-oa_whatsapp_helper\" in 52.3715ms"}}
[debug] [2025-08-04T04:40:02.868Z] [worker-asia-south1-oa_whatsapp_helper-6d4dfe53-f61d-4433-9cbc-22280161ef52]: IDLE {"metadata":{"emulator":{"name":"functions"},"function":{"name":"asia-south1-oa_whatsapp_helper"},"extension":{},"message":"[worker-asia-south1-oa_whatsapp_helper-6d4dfe53-f61d-4433-9cbc-22280161ef52]: IDLE"}}
[debug] [2025-08-04T04:40:02.868Z] Finishing up request with event=finish {"metadata":{"emulator":{"name":"functions"},"function":{"name":"asia-south1-oa_whatsapp_helper"},"extension":{},"message":"Finishing up request with event=finish"}}
[debug] [2025-08-04T04:40:02.868Z] Finishing up request with event=close {"metadata":{"emulator":{"name":"functions"},"function":{"name":"asia-south1-oa_whatsapp_helper"},"extension":{},"message":"Finishing up request with event=close"}}
[debug] [2025-08-04T04:40:02.868Z] [work-queue] {"queuedWork":[],"queueLength":0,"runningWork":[],"workRunningCount":0}
[debug] [2025-08-04T04:40:37.753Z] File F:\Mahesh_Project\PWA-APPS\whats-app-helper\package-lock.json changed, reloading triggers {"metadata":{"emulator":{"name":"functions"},"message":"File F:\\Mahesh_Project\\PWA-APPS\\whats-app-helper\\package-lock.json changed, reloading triggers"}}
