[debug] [2025-07-24T13:02:52.766Z] [Firebase Plugin] Activating Firebase extension.
[debug] [2025-07-24T13:02:58.747Z] [Firebase Plugin] requireAuthWrapper
[debug] [2025-07-24T13:02:58.750Z] > command requires scopes: ["email","openid","https://www.googleapis.com/auth/cloudplatformprojects.readonly","https://www.googleapis.com/auth/firebase","https://www.googleapis.com/auth/cloud-platform"]
[debug] [2025-07-24T13:02:58.750Z] > authorizing via signed-in user (oceanacademypuducherry@gmail.com)
[debug] [2025-07-24T13:02:58.755Z] Checked if tokens are valid: false, expires at: 1753361290337
[debug] [2025-07-24T13:02:58.755Z] Checked if tokens are valid: false, expires at: 1753361290337
[debug] [2025-07-24T13:02:58.756Z] > refreshing access token with scopes: []
[debug] [2025-07-24T13:02:58.758Z] >>> [apiv2][query] POST https://www.googleapis.com/oauth2/v3/token [none]
[debug] [2025-07-24T13:02:58.758Z] >>> [apiv2][body] POST https://www.googleapis.com/oauth2/v3/token [omitted]
[debug] [2025-07-24T13:02:58.771Z] [Firebase Plugin] VSCode notification server listening on port 40001
[info] [Firebase Plugin] Starting Data Connect toolkit (version 2.10.1) on port 50001
[debug] [2025-07-24T13:02:59.483Z] 'fdc build' failed with error: Unable to build your Data Connect schema and connectors (exit code 1): E0724 18:32:59.479917    9568 cmd.go:43] Error loading data connect config: could not find dataconnect.yaml in `f:\Mahesh_Project\PWA-APPS\whats-app-helper\dataconnect`
 {"metadata":{"emulator":{"name":"dataconnect"},"message":"'fdc build' failed with error: Unable to build your Data Connect schema and connectors (exit code 1): E0724 18:32:59.479917    9568 cmd.go:43] Error loading data connect config: could not find dataconnect.yaml in `f:\\Mahesh_Project\\PWA-APPS\\whats-app-helper\\dataconnect`\n"}}
[debug] [2025-07-24T13:02:59.484Z] Ignoring unsupported arg: auto_download {"metadata":{"emulator":{"name":"dataconnect"},"message":"Ignoring unsupported arg: auto_download"}}
[debug] [2025-07-24T13:02:59.484Z] Ignoring unsupported arg: port {"metadata":{"emulator":{"name":"dataconnect"},"message":"Ignoring unsupported arg: port"}}
[debug] [2025-07-24T13:02:59.485Z] Starting Data Connect Emulator with command {"binary":"C:\\Users\\ocean\\.cache\\firebase\\emulators\\dataconnect-emulator-2.10.1.exe","args":["--logtostderr","-v=2","dev","--listen=localhost:50001","--config_dir=f:\\Mahesh_Project\\PWA-APPS\\whats-app-helper\\dataconnect","--enable_output_schema_extensions=true","--enable_output_generated_sdk=true"],"optionalArgs":["listen","config_dir","enable_output_schema_extensions","enable_output_generated_sdk"],"joinArgs":true,"shell":false,"port":9399} {"metadata":{"emulator":{"name":"dataconnect"},"message":"Starting Data Connect Emulator with command {\"binary\":\"C:\\\\Users\\\\ocean\\\\.cache\\\\firebase\\\\emulators\\\\dataconnect-emulator-2.10.1.exe\",\"args\":[\"--logtostderr\",\"-v=2\",\"dev\",\"--listen=localhost:50001\",\"--config_dir=f:\\\\Mahesh_Project\\\\PWA-APPS\\\\whats-app-helper\\\\dataconnect\",\"--enable_output_schema_extensions=true\",\"--enable_output_generated_sdk=true\"],\"optionalArgs\":[\"listen\",\"config_dir\",\"enable_output_schema_extensions\",\"enable_output_generated_sdk\"],\"joinArgs\":true,\"shell\":false,\"port\":9399}"}}
[info] i  dataconnect: Data Connect Emulator logging to dataconnect-debug.log {"metadata":{"emulator":{"name":"dataconnect"},"message":"Data Connect Emulator logging to \u001b[1mdataconnect-debug.log\u001b[22m"}}
[debug] [2025-07-24T13:02:59.520Z] E0724 18:32:59.517583   18568 load.go:23] Could not load config from "f:\\Mahesh_Project\\PWA-APPS\\whats-app-helper\\dataconnect": could not find dataconnect.yaml in `f:\Mahesh_Project\PWA-APPS\whats-app-helper\dataconnect`
E0724 18:32:59.518849   18568 watch.go:76] watchAllDir unable to walk dir `f:\Mahesh_Project\PWA-APPS\whats-app-helper\dataconnect`: on path "f:\\Mahesh_Project\\PWA-APPS\\whats-app-helper\\dataconnect" (DirEntry: <nil>): CreateFile f:\Mahesh_Project\PWA-APPS\whats-app-helper\dataconnect: The system cannot find the file specified.
 {"metadata":{"emulator":{"name":"dataconnect"},"message":"E0724 18:32:59.517583   18568 load.go:23] Could not load config from \"f:\\\\Mahesh_Project\\\\PWA-APPS\\\\whats-app-helper\\\\dataconnect\": could not find dataconnect.yaml in `f:\\Mahesh_Project\\PWA-APPS\\whats-app-helper\\dataconnect`\nE0724 18:32:59.518849   18568 watch.go:76] watchAllDir unable to walk dir `f:\\Mahesh_Project\\PWA-APPS\\whats-app-helper\\dataconnect`: on path \"f:\\\\Mahesh_Project\\\\PWA-APPS\\\\whats-app-helper\\\\dataconnect\" (DirEntry: <nil>): CreateFile f:\\Mahesh_Project\\PWA-APPS\\whats-app-helper\\dataconnect: The system cannot find the file specified.\n"}}
[debug] [2025-07-24T13:02:59.552Z] I0724 18:32:59.551709   18568 dev.go:95] Listening on address (HTTP + gRPC): 127.0.0.1:50001
 {"metadata":{"emulator":{"name":"dataconnect"},"message":"I0724 18:32:59.551709   18568 dev.go:95] Listening on address (HTTP + gRPC): 127.0.0.1:50001\n"}}
[debug] [2025-07-24T13:02:59.557Z] <<< [apiv2][status] POST https://www.googleapis.com/oauth2/v3/token 200
[debug] [2025-07-24T13:02:59.557Z] <<< [apiv2][body] POST https://www.googleapis.com/oauth2/v3/token [omitted]
[debug] [2025-07-24T13:02:59.587Z] [Firebase Plugin] User found:  oceanacademypuducherry@gmail.com
[info] [Firebase Plugin] (Core:Project) New user detected, fetching projects
[debug] [2025-07-24T13:02:59.589Z] Checked if tokens are valid: true, expires at: 1753365778558
[debug] [2025-07-24T13:02:59.589Z] >>> [apiv2][query] GET https://firebase.googleapis.com/v1beta1/projects pageSize=1000
[error] [Firebase Plugin] error:  {}
[debug] [2025-07-24T13:03:00.255Z] <<< [apiv2][status] GET https://firebase.googleapis.com/v1beta1/projects 200
[debug] [2025-07-24T13:03:00.255Z] <<< [apiv2][body] GET https://firebase.googleapis.com/v1beta1/projects [omitted]
[debug] [2025-07-24T13:03:09.520Z] E0724 18:33:09.520387   18568 load.go:23] Could not load config from "f:\\Mahesh_Project\\PWA-APPS\\whats-app-helper\\dataconnect": could not find dataconnect.yaml in `f:\Mahesh_Project\PWA-APPS\whats-app-helper\dataconnect`
 {"metadata":{"emulator":{"name":"dataconnect"},"message":"E0724 18:33:09.520387   18568 load.go:23] Could not load config from \"f:\\\\Mahesh_Project\\\\PWA-APPS\\\\whats-app-helper\\\\dataconnect\": could not find dataconnect.yaml in `f:\\Mahesh_Project\\PWA-APPS\\whats-app-helper\\dataconnect`\n"}}
[debug] [2025-07-24T13:03:19.521Z] E0724 18:33:19.520872   18568 load.go:23] Could not load config from "f:\\Mahesh_Project\\PWA-APPS\\whats-app-helper\\dataconnect": could not find dataconnect.yaml in `f:\Mahesh_Project\PWA-APPS\whats-app-helper\dataconnect`
 {"metadata":{"emulator":{"name":"dataconnect"},"message":"E0724 18:33:19.520872   18568 load.go:23] Could not load config from \"f:\\\\Mahesh_Project\\\\PWA-APPS\\\\whats-app-helper\\\\dataconnect\": could not find dataconnect.yaml in `f:\\Mahesh_Project\\PWA-APPS\\whats-app-helper\\dataconnect`\n"}}
[debug] [2025-07-24T13:03:29.519Z] E0724 18:33:29.518957   18568 load.go:23] Could not load config from "f:\\Mahesh_Project\\PWA-APPS\\whats-app-helper\\dataconnect": could not find dataconnect.yaml in `f:\Mahesh_Project\PWA-APPS\whats-app-helper\dataconnect`
 {"metadata":{"emulator":{"name":"dataconnect"},"message":"E0724 18:33:29.518957   18568 load.go:23] Could not load config from \"f:\\\\Mahesh_Project\\\\PWA-APPS\\\\whats-app-helper\\\\dataconnect\": could not find dataconnect.yaml in `f:\\Mahesh_Project\\PWA-APPS\\whats-app-helper\\dataconnect`\n"}}
[debug] [2025-07-24T13:03:39.520Z] E0724 18:33:39.519521   18568 load.go:23] Could not load config from "f:\\Mahesh_Project\\PWA-APPS\\whats-app-helper\\dataconnect": could not find dataconnect.yaml in `f:\Mahesh_Project\PWA-APPS\whats-app-helper\dataconnect`
 {"metadata":{"emulator":{"name":"dataconnect"},"message":"E0724 18:33:39.519521   18568 load.go:23] Could not load config from \"f:\\\\Mahesh_Project\\\\PWA-APPS\\\\whats-app-helper\\\\dataconnect\": could not find dataconnect.yaml in `f:\\Mahesh_Project\\PWA-APPS\\whats-app-helper\\dataconnect`\n"}}
[debug] [2025-07-24T13:03:53.060Z] E0724 18:33:49.519865   18568 load.go:23] Could not load config from "f:\\Mahesh_Project\\PWA-APPS\\whats-app-helper\\dataconnect": could not find dataconnect.yaml in `f:\Mahesh_Project\PWA-APPS\whats-app-helper\dataconnect`
 {"metadata":{"emulator":{"name":"dataconnect"},"message":"E0724 18:33:49.519865   18568 load.go:23] Could not load config from \"f:\\\\Mahesh_Project\\\\PWA-APPS\\\\whats-app-helper\\\\dataconnect\": could not find dataconnect.yaml in `f:\\Mahesh_Project\\PWA-APPS\\whats-app-helper\\dataconnect`\n"}}
[debug] [2025-07-24T13:03:59.519Z] E0724 18:33:59.519600   18568 load.go:23] Could not load config from "f:\\Mahesh_Project\\PWA-APPS\\whats-app-helper\\dataconnect": could not find dataconnect.yaml in `f:\Mahesh_Project\PWA-APPS\whats-app-helper\dataconnect`
 {"metadata":{"emulator":{"name":"dataconnect"},"message":"E0724 18:33:59.519600   18568 load.go:23] Could not load config from \"f:\\\\Mahesh_Project\\\\PWA-APPS\\\\whats-app-helper\\\\dataconnect\": could not find dataconnect.yaml in `f:\\Mahesh_Project\\PWA-APPS\\whats-app-helper\\dataconnect`\n"}}
[debug] [2025-07-24T13:04:09.521Z] E0724 18:34:09.521499   18568 load.go:23] Could not load config from "f:\\Mahesh_Project\\PWA-APPS\\whats-app-helper\\dataconnect": could not find dataconnect.yaml in `f:\Mahesh_Project\PWA-APPS\whats-app-helper\dataconnect`
 {"metadata":{"emulator":{"name":"dataconnect"},"message":"E0724 18:34:09.521499   18568 load.go:23] Could not load config from \"f:\\\\Mahesh_Project\\\\PWA-APPS\\\\whats-app-helper\\\\dataconnect\": could not find dataconnect.yaml in `f:\\Mahesh_Project\\PWA-APPS\\whats-app-helper\\dataconnect`\n"}}
[debug] [2025-07-24T13:04:19.519Z] E0724 18:34:19.520206   18568 load.go:23] Could not load config from "f:\\Mahesh_Project\\PWA-APPS\\whats-app-helper\\dataconnect": could not find dataconnect.yaml in `f:\Mahesh_Project\PWA-APPS\whats-app-helper\dataconnect`
 {"metadata":{"emulator":{"name":"dataconnect"},"message":"E0724 18:34:19.520206   18568 load.go:23] Could not load config from \"f:\\\\Mahesh_Project\\\\PWA-APPS\\\\whats-app-helper\\\\dataconnect\": could not find dataconnect.yaml in `f:\\Mahesh_Project\\PWA-APPS\\whats-app-helper\\dataconnect`\n"}}
[debug] [2025-07-24T13:04:29.519Z] E0724 18:34:29.519496   18568 load.go:23] Could not load config from "f:\\Mahesh_Project\\PWA-APPS\\whats-app-helper\\dataconnect": could not find dataconnect.yaml in `f:\Mahesh_Project\PWA-APPS\whats-app-helper\dataconnect`
 {"metadata":{"emulator":{"name":"dataconnect"},"message":"E0724 18:34:29.519496   18568 load.go:23] Could not load config from \"f:\\\\Mahesh_Project\\\\PWA-APPS\\\\whats-app-helper\\\\dataconnect\": could not find dataconnect.yaml in `f:\\Mahesh_Project\\PWA-APPS\\whats-app-helper\\dataconnect`\n"}}
[debug] [2025-07-24T13:04:39.520Z] E0724 18:34:39.520014   18568 load.go:23] Could not load config from "f:\\Mahesh_Project\\PWA-APPS\\whats-app-helper\\dataconnect": could not find dataconnect.yaml in `f:\Mahesh_Project\PWA-APPS\whats-app-helper\dataconnect`
 {"metadata":{"emulator":{"name":"dataconnect"},"message":"E0724 18:34:39.520014   18568 load.go:23] Could not load config from \"f:\\\\Mahesh_Project\\\\PWA-APPS\\\\whats-app-helper\\\\dataconnect\": could not find dataconnect.yaml in `f:\\Mahesh_Project\\PWA-APPS\\whats-app-helper\\dataconnect`\n"}}
[debug] [2025-07-24T13:04:49.518Z] E0724 18:34:49.518965   18568 load.go:23] Could not load config from "f:\\Mahesh_Project\\PWA-APPS\\whats-app-helper\\dataconnect": could not find dataconnect.yaml in `f:\Mahesh_Project\PWA-APPS\whats-app-helper\dataconnect`
 {"metadata":{"emulator":{"name":"dataconnect"},"message":"E0724 18:34:49.518965   18568 load.go:23] Could not load config from \"f:\\\\Mahesh_Project\\\\PWA-APPS\\\\whats-app-helper\\\\dataconnect\": could not find dataconnect.yaml in `f:\\Mahesh_Project\\PWA-APPS\\whats-app-helper\\dataconnect`\n"}}
[debug] [2025-07-24T13:04:59.607Z] E0724 18:34:59.602895   18568 load.go:23] Could not load config from "f:\\Mahesh_Project\\PWA-APPS\\whats-app-helper\\dataconnect": could not find dataconnect.yaml in `f:\Mahesh_Project\PWA-APPS\whats-app-helper\dataconnect`
E0724 18:34:59.602895   18568 watch.go:76] watchAllDir unable to walk dir `f:\Mahesh_Project\PWA-APPS\whats-app-helper\dataconnect`: on path "f:\\Mahesh_Project\\PWA-APPS\\whats-app-helper\\dataconnect" (DirEntry: <nil>): CreateFile f:\Mahesh_Project\PWA-APPS\whats-app-helper\dataconnect: The system cannot find the file specified.
 {"metadata":{"emulator":{"name":"dataconnect"},"message":"E0724 18:34:59.602895   18568 load.go:23] Could not load config from \"f:\\\\Mahesh_Project\\\\PWA-APPS\\\\whats-app-helper\\\\dataconnect\": could not find dataconnect.yaml in `f:\\Mahesh_Project\\PWA-APPS\\whats-app-helper\\dataconnect`\nE0724 18:34:59.602895   18568 watch.go:76] watchAllDir unable to walk dir `f:\\Mahesh_Project\\PWA-APPS\\whats-app-helper\\dataconnect`: on path \"f:\\\\Mahesh_Project\\\\PWA-APPS\\\\whats-app-helper\\\\dataconnect\" (DirEntry: <nil>): CreateFile f:\\Mahesh_Project\\PWA-APPS\\whats-app-helper\\dataconnect: The system cannot find the file specified.\n"}}
[debug] [2025-07-24T13:05:09.520Z] E0724 18:35:09.520791   18568 load.go:23] Could not load config from "f:\\Mahesh_Project\\PWA-APPS\\whats-app-helper\\dataconnect": could not find dataconnect.yaml in `f:\Mahesh_Project\PWA-APPS\whats-app-helper\dataconnect`
 {"metadata":{"emulator":{"name":"dataconnect"},"message":"E0724 18:35:09.520791   18568 load.go:23] Could not load config from \"f:\\\\Mahesh_Project\\\\PWA-APPS\\\\whats-app-helper\\\\dataconnect\": could not find dataconnect.yaml in `f:\\Mahesh_Project\\PWA-APPS\\whats-app-helper\\dataconnect`\n"}}
[debug] [2025-07-24T13:05:19.519Z] E0724 18:35:19.519874   18568 load.go:23] Could not load config from "f:\\Mahesh_Project\\PWA-APPS\\whats-app-helper\\dataconnect": could not find dataconnect.yaml in `f:\Mahesh_Project\PWA-APPS\whats-app-helper\dataconnect`
 {"metadata":{"emulator":{"name":"dataconnect"},"message":"E0724 18:35:19.519874   18568 load.go:23] Could not load config from \"f:\\\\Mahesh_Project\\\\PWA-APPS\\\\whats-app-helper\\\\dataconnect\": could not find dataconnect.yaml in `f:\\Mahesh_Project\\PWA-APPS\\whats-app-helper\\dataconnect`\n"}}
[debug] [2025-07-24T13:05:29.519Z] E0724 18:35:29.519112   18568 load.go:23] Could not load config from "f:\\Mahesh_Project\\PWA-APPS\\whats-app-helper\\dataconnect": could not find dataconnect.yaml in `f:\Mahesh_Project\PWA-APPS\whats-app-helper\dataconnect`
 {"metadata":{"emulator":{"name":"dataconnect"},"message":"E0724 18:35:29.519112   18568 load.go:23] Could not load config from \"f:\\\\Mahesh_Project\\\\PWA-APPS\\\\whats-app-helper\\\\dataconnect\": could not find dataconnect.yaml in `f:\\Mahesh_Project\\PWA-APPS\\whats-app-helper\\dataconnect`\n"}}
[debug] [2025-07-24T13:05:39.520Z] E0724 18:35:39.519856   18568 load.go:23] Could not load config from "f:\\Mahesh_Project\\PWA-APPS\\whats-app-helper\\dataconnect": could not find dataconnect.yaml in `f:\Mahesh_Project\PWA-APPS\whats-app-helper\dataconnect`
 {"metadata":{"emulator":{"name":"dataconnect"},"message":"E0724 18:35:39.519856   18568 load.go:23] Could not load config from \"f:\\\\Mahesh_Project\\\\PWA-APPS\\\\whats-app-helper\\\\dataconnect\": could not find dataconnect.yaml in `f:\\Mahesh_Project\\PWA-APPS\\whats-app-helper\\dataconnect`\n"}}
[info] [Firebase Plugin] Stopping Data Connect toolkit
[warn] !  Data Connect Emulator has exited upon receiving signal: SIGKILL 
